gcc -g p4original.c
 ./a.out
enter a value:
4
enter a value:
5
enter a value:
6
The largest of 4,5,6 is 6
 gdb a.out
GNU gdb (Ubuntu 8.1.1-0ubuntu1) 8.1.1
Copyright (C) 2018 Free Software Foundation, Inc.
License GPLv3+: GNU GPL version 3 or later <http://gnu.org/licenses/gpl.html>
This is free software: you are free to change and redistribute it.
There is NO WARRANTY, to the extent permitted by law.  Type "show copying"
and "show warranty" for details.
This GDB was configured as "x86_64-linux-gnu".
Type "show configuration" for configuration details.
For bug reporting instructions, please see:
<http://www.gnu.org/software/gdb/bugs/>.
Find the GDB manual and other documentation resources online at:
<http://www.gnu.org/software/gdb/documentation/>.
For help, type "help".
Type "apropos word" to search for commands related to "word"...
Reading symbols from a.out...done.
(gdb) b main
Breakpoint 1 at 0x84d: file p4original.c, line 31.
(gdb) r
Starting program: /home/runner/pps-IA1-practice/a.out 
warning: Error disabling address space randomization: Operation not permitted


Breakpoint 1, main () at p4original.c:31
31      a=input();
(gdb) r
The program being debugged has been started already.
Start it from the beginning? (y or n) y
Starting program: /home/runner/pps-IA1-practice/a.out 
warning: Error disabling address space randomization: Operation not permitted

Breakpoint 1, main () at p4original.c:31
31      a=input();
(gdb) n
enter a value:
4
32      b=input();
(gdb) s
input () at p4original.c:3
3   {
(gdb) n
5     printf("enter a value:\n");
(gdb) n
enter a value:
6     scanf("%d",&a);
(gdb) n
5
7     return a;
(gdb) n
8   }
(gdb) n
main () at p4original.c:33
33      c=input();
(gdb) s
input () at p4original.c:3
3   {
(gdb) n
5     printf("enter a value:\n");
(gdb) n
enter a value:
6     scanf("%d",&a);
(gdb) n
5
7     return a;
(gdb) n
8   }
(gdb) n
main () at p4original.c:34
34      large=cmp(a,b,c);
(gdb) s
cmp (a=4, b=5, c=5) at p4original.c:11
11    if(a>b&&a>c)
(gdb) n
15    else if(b>c&&b>a)
(gdb) n
19    else if(c>a&&c>b)
(gdb) n
23  }
(gdb) n
main () at p4original.c:35
35      output(a,b,c,large);
(gdb) s
output (a=4, b=5, c=5, large=5) at p4original.c:26
26      printf("The largest of %d,%d,%d is %d\n", a, b, c, large);
(gdb) n
The largest of 4,5,5 is 5
27    }
(gdb) n
main () at p4original.c:36
36      return 0;
(gdb) s
37    }(gdb) q